// Jest Snapshot v1, https://goo.gl/fbAQLP

exports[`Checkbox should render a snapshot 1`] = `
.c0 {
  display: flex;
  align-items: center;
  gap: .8rem;
}

.c2 {
  width: 100%;
  font-size: 1.6rem;
  text-transform: capitalize;
  font-size: 1.2rem;
  padding: .8rem 1rem;
  border-radius: 0.5rem;
  cursor: pointer;
}

.c2:hover {
  background-color: #f0f0f0;
}

.c1 {
  width: 1.5rem;
  height: 1.5rem;
  accent-color: #131118;
  cursor: pointer;
}

<div>
  <div
    class="c0"
  >
    <input
      class="c1"
      id="checkbox"
      name="checkbox"
      placeholder="test"
      type="checkbox"
    />
    <label
      class="c2"
      for="checkbox"
    >
      checkbox
    </label>
  </div>
</div>
`;
