// Vitest Snapshot v1, https://vitest.dev/guide/snapshot.html

exports[`MenuNav > should render a snapshot 1`] = `
.c0 {
  display: flex;
  align-items: center;
  gap: 1.6rem;
}

.c1 {
  position: relative;
  color: #131118;
  text-transform: capitalize;
  border-bottom: 2px solid transparent;
  transition: all 150ms ease-in-out;
}

.c1::after {
  content: '';
  position: absolute;
  bottom: -2px;
  left: 50%;
  width: 0;
  height: 0.2rem;
  background-color: #131118;
  transition: all 150ms ease-in-out;
}

.c1:hover::after {
  width: 100%;
  left: 0;
}

.c1.active {
  border-bottom: 2px solid #131118;
}

@media (max-width: 768px) {
  .c0 {
    flex-direction: column;
  }
}

<div>
  <nav
    class="c0 menu-nav"
  >
    <a
      aria-current="page"
      class="c1 active"
      href="/"
    >
      home
    </a>
    <a
      class="c1"
      href="/shop"
    >
      loja
    </a>
    <a
      class="c1"
      href="/contact"
    >
      contato
    </a>
  </nav>
</div>
`;
