// Jest Snapshot v1, https://goo.gl/fbAQLP

exports[`MenuNav should render a snapshot 1`] = `
.c0 {
  display: flex;
  align-items: center;
  gap: 1.6rem;
}

.c1 {
  color: #131118;
  text-transform: capitalize;
  transition: all 150ms ease-in-out;
}

.c1:hover {
  opacity: 0.7;
}

<div>
  <nav
    class="c0"
  >
    <a
      aria-current="page"
      class="c1 active"
      href="/"
    >
      home
    </a>
    <a
      class="c1"
      href="/shop"
    >
      loja
    </a>
    <a
      class="c1"
      href="/contact"
    >
      contato
    </a>
  </nav>
</div>
`;
