// Jest Snapshot v1, https://goo.gl/fbAQLP

exports[`Logo should render a snapshot 1`] = `
.c0 {
  width: 143px;
  height: 59px;
  object-fit: contain;
}

@media (max-width: 768px) {
  .c0 {
    width: 100px;
  }
}

@media (max-width: 576px) {
  .c0 {
    width: 70px;
  }
}

<div>
  <a
    href="/"
  >
    <img
      alt="logo"
      class="c0"
      src="image-white"
    />
  </a>
  ,
</div>
`;
